// Jest Snapshot v1, https://goo.gl/fbAQLP

exports[`Render container should render container 1`] = `
<div
  class="w-[1280px] m-auto px-[32px]"
>
  <div>
    Im a children
  </div>
</div>
`;
